[build] In file included from /home/lux/code/language/python-cpp/src/runtime/types/builtin.cpp:1:
[build] In file included from /home/lux/code/language/python-cpp/src/runtime/types/builtin.hpp:3:
[build] In file included from /home/lux/code/language/python-cpp/src/./runtime/PyObject.hpp:4:
[build] In file included from /home/lux/code/language/python-cpp/src/./runtime/Value.hpp:6:
[build] In file included from /home/lux/code/language/python-cpp/src/./memory/GCTracingAllocator.hpp:32:
[build] In file included from /home/lux/code/language/python-cpp/build/debug/.cache/CPM/yalantinglibs/f7f2/include/ylt/reflection/member_names.hpp:5:
[build] In file included from /home/lux/code/language/python-cpp/build/debug/.cache/CPM/yalantinglibs/f7f2/include/ylt/reflection/member_ptr.hpp:87:
[build] /home/lux/code/language/python-cpp/build/debug/.cache/CPM/yalantinglibs/f7f2/include/ylt/reflection/internal/generate/member_macro.hpp:21:1: error: cannot decompose class type '_Hash_node<std::pair<const py::TypePrototype *const, py::PyType *>, false>': its base classes '_Hash_node_base' and '_Hash_node_value_base<pair<const TypePrototype *const, PyType *>>' have non-static data members
[build]    21 | RFL_INTERNAL_OBJECT_IF_YOU_SEE_AN_ERROR_REFER_TO_DOCUMENTATION_ON_C_ARRAYS(2,
[build]       | ^
[build] /home/lux/code/language/python-cpp/build/debug/.cache/CPM/yalantinglibs/f7f2/include/ylt/reflection/member_ptr.hpp:76:13: note: expanded from macro 'RFL_INTERNAL_OBJECT_IF_YOU_SEE_AN_ERROR_REFER_TO_DOCUMENTATION_ON_C_ARRAYS'
[build]    76 |       auto& [__VA_ARGS__] = t;                                                      \
[build]       |             ^
[build] /home/lux/code/language/python-cpp/build/debug/.cache/CPM/yalantinglibs/f7f2/include/ylt/reflection/member_ptr.hpp:91:69: note: in instantiation of member function 'ylt::reflection::internal::object_tuple_view_helper<std::__detail::_Hash_node<std::pair<const py::TypePrototype *const, py::PyType *>, false> &, 2>::tuple_view' requested here
[build]    91 |   return internal::object_tuple_view_helper<T, members_count_v<T>>::tuple_view(
[build]       |                                                                     ^
[build] /home/lux/code/language/python-cpp/build/debug/.cache/CPM/yalantinglibs/f7f2/include/ylt/reflection/member_ptr.hpp:118:22: note: in instantiation of function template specialization 'ylt::reflection::internal::tuple_view<std::__detail::_Hash_node<std::pair<const py::TypePrototype *const, py::PyType *>, false> &>' requested here
[build]   118 |     return internal::tuple_view(std::forward<T>(t));
[build]       |                      ^
[build] /home/lux/code/language/python-cpp/src/./memory/GCTracingAllocator.hpp:83:52: note: in instantiation of function template specialization 'ylt::reflection::object_to_tuple<std::__detail::_Hash_node<std::pair<const py::TypePrototype *const, py::PyType *>, false> &>' requested here
[build]    83 |                         using members_tuple = decltype(ylt::reflection::object_to_tuple(std::declval<T &>()));
[build]       |                                                                         ^
[build] /home/lux/code/language/python-cpp/src/./memory/GCTracingAllocator.hpp:103:15: note: in instantiation of template class 'py::gc::detail::composite_is_atomic<std::__detail::_Hash_node<std::pair<const py::TypePrototype *const, py::PyType *>, false>>' requested here
[build]   103 |                                 ? detail::composite_is_atomic<T>::value
[build]       |                                           ^
[build] /home/lux/code/language/python-cpp/src/./memory/GCTracingAllocator.hpp:152:66: note: in instantiation of static data member 'py::gc::is_atomic_impl<std::__detail::_Hash_node<std::pair<const py::TypePrototype *const, py::PyType *>, false>>::value' requested here
[build]   152 |         template<typename T> constexpr bool is_atomic_v = is_atomic<T>::value;
[build]       |                                                                         ^
[build] /home/lux/code/language/python-cpp/src/./memory/GCTracingAllocator.hpp:250:25: note: (skipping 1 context in backtrace; use -ftemplate-backtrace-limit=0 to see all)
[build]   250 |                 if constexpr (py::gc::is_atomic_v<T>) {
[build]       |                                       ^
[build] /usr/lib/gcc/x86_64-linux-gnu/13/../../../../include/c++/13/bits/alloc_traits.h:333:20: note: in instantiation of member function 'py::GCTracingAllocator<std::__detail::_Hash_node<std::pair<const py::TypePrototype *const, py::PyType *>, false>>::allocate' requested here
[build]   333 |       { return __a.allocate(__n); }
[build]       |                    ^
[build] /usr/lib/gcc/x86_64-linux-gnu/13/../../../../include/c++/13/bits/hashtable.h:307:19: note: in instantiation of function template specialization 'std::__detail::_Hashtable_alloc<py::GCTracingAllocator<std::__detail::_Hash_node<std::pair<const py::TypePrototype *const, py::PyType *>, false>>>::_M_allocate_node<const std::piecewise_construct_t &, std::tuple<const py::TypePrototype *&&>, std::tuple<>>' requested here
[build]   307 |             _M_node(__h->_M_allocate_node(std::forward<_Args>(__args)...))
[build]       |                          ^
[build] /usr/lib/gcc/x86_64-linux-gnu/13/../../../../include/c++/13/bits/hashtable_policy.h:845:42: note: in instantiation of function template specialization 'std::_Hashtable<const py::TypePrototype *, std::pair<const py::TypePrototype *const, py::PyType *>, py::GCTracingAllocator<std::pair<const py::TypePrototype *const, py::PyType *>>, std::__detail::_Select1st, std::equal_to<const py::TypePrototype *>, std::hash<const py::TypePrototype *>, std::__detail::_Mod_range_hashing, std::__detail::_Default_ranged_hash, std::__detail::_Prime_rehash_policy, std::__detail::_Hashtable_traits<false, false, true>>::_Scoped_node::_Scoped_node<const std::piecewise_construct_t &, std::tuple<const py::TypePrototype *&&>, std::tuple<>>' requested here
[build]   845 |       typename __hashtable::_Scoped_node __node {
[build]       |                                          ^
[build] /usr/lib/gcc/x86_64-linux-gnu/13/../../../../include/c++/13/bits/unordered_map.h:991:16: note: in instantiation of member function 'std::__detail::_Map_base<const py::TypePrototype *, std::pair<const py::TypePrototype *const, py::PyType *>, py::GCTracingAllocator<std::pair<const py::TypePrototype *const, py::PyType *>>, std::__detail::_Select1st, std::equal_to<const py::TypePrototype *>, std::hash<const py::TypePrototype *>, std::__detail::_Mod_range_hashing, std::__detail::_Default_ranged_hash, std::__detail::_Prime_rehash_policy, std::__detail::_Hashtable_traits<false, false, true>>::operator[]' requested here
[build]   991 |       { return _M_h[std::move(__k)]; }
[build]       |                ^
[build] /home/lux/code/language/python-cpp/src/runtime/types/builtin.cpp:183:1: note: in instantiation of member function 'std::unordered_map<const py::TypePrototype *, py::PyType *, std::hash<const py::TypePrototype *>, std::equal_to<const py::TypePrototype *>, py::GCTracingAllocator<std::pair<const py::TypePrototype *const, py::PyType *>>>::operator[]' requested here
[build]   183 | INITIALIZE_TYPE(type)
[build]       | ^
[build] /home/lux/code/language/python-cpp/src/runtime/types/builtin.cpp:164:19: note: expanded from macro 'INITIALIZE_TYPE'
[build]   164 |                         get_proto_map()[&prototype] = type; /* 注册映射 */    \
[build]       |                                        ^
[build] 1 error generated.
[build] [5/107] Building CXX object src/CMakeFiles/python-cpp.dir/runtime/PyNumber.cpp.o
[build] [6/107] Building CXX object src/CMakeFiles/python-cpp.dir/runtime/PyIterator.cpp.o
[build] [7/107] Building CXX object src/CMakeFiles/python-cpp.dir/runtime/PyMemberDescriptor.cpp.o
[build] [8/107] Building CXX object src/CMakeFiles/python-cpp.dir/runtime/PyNamespace.cpp.o
[build] [9/107] Building CXX object src/CMakeFiles/python-cpp.dir/runtime/PyFloat.cpp.o
[build] [10/107] wllvm: runtime/types/builtin.cpp

runtime_types_builtin.o /home/lux/code/language/python-cpp/src/runtime/export/../../runtime/types/builtin.cpp
[build] In file included from /home/lux/code/language/python-cpp/src/runtime/export/../../runtime/types/builtin.cpp:1:
[build] In file included from /home/lux/code/language/python-cpp/src/runtime/export/../../runtime/types/builtin.hpp:3:
[build] In file included from /home/lux/code/language/python-cpp/src/runtime/export/../../runtime/PyObject.hpp:4:
[build] In file included from /home/lux/code/language/python-cpp/src/runtime/export/../../runtime/Value.hpp:6:
[build] In file included from /home/lux/code/language/python-cpp/src/runtime/export/../../memory/GCTracingAllocator.hpp:32:
[build] In file included from /home/lux/code/language/python-cpp/build/debug/.cache/CPM/yalantinglibs/f7f2/include/ylt/reflection/member_names.hpp:5:
[build] In file included from /home/lux/code/language/python-cpp/build/debug/.cache/CPM/yalantinglibs/f7f2/include/ylt/reflection/member_ptr.hpp:87:
[build] /home/lux/code/language/python-cpp/build/debug/.cache/CPM/yalantinglibs/f7f2/include/ylt/reflection/internal/generate/member_macro.hpp:21:1: error: cannot decompose class type '_Hash_node<std::pair<const py::TypePrototype *const, py::PyType *>, false>': its base classes '_Hash_node_base' and '_Hash_node_value_base<pair<const TypePrototype *const, PyType *>>' have non-static data members
[build]    21 | RFL_INTERNAL_OBJECT_IF_YOU_SEE_AN_ERROR_REFER_TO_DOCUMENTATION_ON_C_ARRAYS(2,
[build]       | ^
[build] /home/lux/code/language/python-cpp/build/debug/.cache/CPM/yalantinglibs/f7f2/include/ylt/reflection/member_ptr.hpp:76:13: note: expanded from macro 'RFL_INTERNAL_OBJECT_IF_YOU_SEE_AN_ERROR_REFER_TO_DOCUMENTATION_ON_C_ARRAYS'
[build]    76 |       auto& [__VA_ARGS__] = t;                                                      \
[build]       |             ^
[build] /home/lux/code/language/python-cpp/build/debug/.cache/CPM/yalantinglibs/f7f2/include/ylt/reflection/member_ptr.hpp:91:69: note: in instantiation of member function 'ylt::reflection::internal::object_tuple_view_helper<std::__detail::_Hash_node<std::pair<const py::TypePrototype *const, py::PyType *>, false> &, 2>::tuple_view' requested here
[build]    91 |   return internal::object_tuple_view_helper<T, members_count_v<T>>::tuple_view(
[build]       |                                                                     ^
[build] /home/lux/code/language/python-cpp/build/debug/.cache/CPM/yalantinglibs/f7f2/include/ylt/reflection/member_ptr.hpp:118:22: note: in instantiation of function template specialization 'ylt::reflection::internal::tuple_view<std::__detail::_Hash_node<std::pair<const py::TypePrototype *const, py::PyType *>, false> &>' requested here
[build]   118 |     return internal::tuple_view(std::forward<T>(t));
[build]       |                      ^
[build] /home/lux/code/language/python-cpp/src/runtime/export/../../memory/GCTracingAllocator.hpp:83:52: note: in instantiation of function template specialization 'ylt::reflection::object_to_tuple<std::__detail::_Hash_node<std::pair<const py::TypePrototype *const, py::PyType *>, false> &>' requested here
[build]    83 |                         using members_tuple = decltype(ylt::reflection::object_to_tuple(std::declval<T &>()));
[build]       |                                                                         ^
[build] /home/lux/code/language/python-cpp/src/runtime/export/../../memory/GCTracingAllocator.hpp:103:15: note: in instantiation of template class 'py::gc::detail::composite_is_atomic<std::__detail::_Hash_node<std::pair<const py::TypePrototype *const, py::PyType *>, false>>' requested here
[build]   103 |                                 ? detail::composite_is_atomic<T>::value
[build]       |                                           ^
[build] /home/lux/code/language/python-cpp/src/runtime/export/../../memory/GCTracingAllocator.hpp:152:66: note: in instantiation of static data member 'py::gc::is_atomic_impl<std::__detail::_Hash_node<std::pair<const py::TypePrototype *const, py::PyType *>, false>>::value' requested here
[build]   152 |         template<typename T> constexpr bool is_atomic_v = is_atomic<T>::value;
[build]       |                                                                         ^
[build] /home/lux/code/language/python-cpp/src/runtime/export/../../memory/GCTracingAllocator.hpp:250:25: note: (skipping 1 context in backtrace; use -ftemplate-backtrace-limit=0 to see all)
[build]   250 |                 if constexpr (py::gc::is_atomic_v<T>) {
[build]       |                                       ^
[build] /usr/lib/gcc/x86_64-linux-gnu/13/../../../../include/c++/13/bits/alloc_traits.h:333:20: note: in instantiation of member function 'py::GCTracingAllocator<std::__detail::_Hash_node<std::pair<const py::TypePrototype *const, py::PyType *>, false>>::allocate' requested here
[build]   333 |       { return __a.allocate(__n); }
[build]       |                    ^
[build] /usr/lib/gcc/x86_64-linux-gnu/13/../../../../include/c++/13/bits/hashtable.h:307:19: note: in instantiation of function template specialization 'std::__detail::_Hashtable_alloc<py::GCTracingAllocator<std::__detail::_Hash_node<std::pair<const py::TypePrototype *const, py::PyType *>, false>>>::_M_allocate_node<const std::piecewise_construct_t &, std::tuple<const py::TypePrototype *&&>, std::tuple<>>' requested here
[build]   307 |             _M_node(__h->_M_allocate_node(std::forward<_Args>(__args)...))
[build]       |                          ^
[build] /usr/lib/gcc/x86_64-linux-gnu/13/../../../../include/c++/13/bits/hashtable_policy.h:845:42: note: in instantiation of function template specialization 'std::_Hashtable<const py::TypePrototype *, std::pair<const py::TypePrototype *const, py::PyType *>, py::GCTracingAllocator<std::pair<const py::TypePrototype *const, py::PyType *>>, std::__detail::_Select1st, std::equal_to<const py::TypePrototype *>, std::hash<const py::TypePrototype *>, std::__detail::_Mod_range_hashing, std::__detail::_Default_ranged_hash, std::__detail::_Prime_rehash_policy, std::__detail::_Hashtable_traits<false, false, true>>::_Scoped_node::_Scoped_node<const std::piecewise_construct_t &, std::tuple<const py::TypePrototype *&&>, std::tuple<>>' requested here
[build]   845 |       typename __hashtable::_Scoped_node __node {
[build]       |                                          ^
[build] /usr/lib/gcc/x86_64-linux-gnu/13/../../../../include/c++/13/bits/unordered_map.h:991:16: note: in instantiation of member function 'std::__detail::_Map_base<const py::TypePrototype *, std::pair<const py::TypePrototype *const, py::PyType *>, py::GCTracingAllocator<std::pair<const py::TypePrototype *const, py::PyType *>>, std::__detail::_Select1st, std::equal_to<const py::TypePrototype *>, std::hash<const py::TypePrototype *>, std::__detail::_Mod_range_hashing, std::__detail::_Default_ranged_hash, std::__detail::_Prime_rehash_policy, std::__detail::_Hashtable_traits<false, false, true>>::operator[]' requested here
[build]   991 |       { return _M_h[std::move(__k)]; }
[build]       |                ^
[build] /home/lux/code/language/python-cpp/src/runtime/export/../../runtime/types/builtin.cpp:183:1: note: in instantiation of member function 'std::unordered_map<const py::TypePrototype *, py::PyType *, std::hash<const py::TypePrototype *>, std::equal_to<const py::TypePrototype *>, py::GCTracingAllocator<std::pair<const py::TypePrototype *const, py::PyType *>>>::operator[]' requested here
[build]   183 | INITIALIZE_TYPE(type)
[build]       | ^
[build] /home/lux/code/language/python-cpp/src/runtime/export/../../runtime/types/builtin.cpp:164:19: note: expanded from macro 'INITIALIZE_TYPE'
[build]   164 |                         get_proto_map()[&prototype] = type; /* 注册映射 */    \
[build]       |                                        ^
[build] 1 error generated.


[build] /home/lux/code/language/python-cpp/src/runtime/export/../../runtime/PyType.cpp:1356:8: error: no matching function for call to 'holds_alternative'
[build]  1356 |                 if ((std::holds_alternative<PyType *>(m_bits_type)
[build]       |                      ^~~~~~~~~~~~~~~~~~~~~~~~~~~~~~~~
[build] /usr/lib/gcc/x86_64-linux-gnu/13/../../../../include/c++/13/variant:1141:5: note: candidate template ignored: could not match 'variant<_Types...>' against 'PyType *'
[build]  1141 |     holds_alternative(const variant<_Types...>& __v) noexcept
[build]       |     ^
[build] /home/lux/code/language/python-cpp/src/runtime/export/../../runtime/PyType.cpp:1357:8: error: no matching function for call to 'get'
[build]  1357 |                                 && std::get<PyType *>(m_bits_type) == types::type())
[build]       |                                    ^~~~~~~~~~~~~~~~~~
[build] /usr/lib/gcc/x86_64-linux-gnu/13/../../../../include/c++/13/bits/stl_pair.h:1059:5: note: candidate template ignored: could not match 'pair<PyType *, _Up>' against 'PyType *'
[build]  1059 |     get(pair<_Tp, _Up>& __p) noexcept
[build]       |     ^
[build] /usr/lib/gcc/x86_64-linux-gnu/13/../../../../include/c++/13/bits/stl_pair.h:1064:5: note: candidate template ignored: could not match 'pair<PyType *, _Up>' against 'PyType *'
[build]  1064 |     get(const pair<_Tp, _Up>& __p) noexcept
[build]       |     ^
[build] /usr/lib/gcc/x86_64-linux-gnu/13/../../../../include/c++/13/bits/stl_pair.h:1069:5: note: candidate template ignored: could not match 'pair<PyType *, _Up>' against 'PyType *'
[build]  1069 |     get(pair<_Tp, _Up>&& __p) noexcept
[build]       |     ^
[build] /usr/lib/gcc/x86_64-linux-gnu/13/../../../../include/c++/13/bits/stl_pair.h:1074:5: note: candidate template ignored: could not match 'pair<PyType *, _Up>' against 'PyType *'
[build]  1074 |     get(const pair<_Tp, _Up>&& __p) noexcept
[build]       |     ^
[build] /usr/lib/gcc/x86_64-linux-gnu/13/../../../../include/c++/13/bits/stl_pair.h:1079:5: note: candidate template ignored: could not match 'pair<_Up, PyType *>' against 'PyType *'
[build]  1079 |     get(pair<_Up, _Tp>& __p) noexcept
[build]       |     ^
[build] /usr/lib/gcc/x86_64-linux-gnu/13/../../../../include/c++/13/bits/stl_pair.h:1084:5: note: candidate template ignored: could not match 'pair<_Up, PyType *>' against 'PyType *'
[build]  1084 |     get(const pair<_Up, _Tp>& __p) noexcept
[build]       |     ^
[build] /usr/lib/gcc/x86_64-linux-gnu/13/../../../../include/c++/13/bits/stl_pair.h:1089:5: note: candidate template ignored: could not match 'pair<_Up, PyType *>' against 'PyType *'
[build]  1089 |     get(pair<_Up, _Tp>&& __p) noexcept
[build]       |     ^
[build] /usr/lib/gcc/x86_64-linux-gnu/13/../../../../include/c++/13/bits/stl_pair.h:1094:5: note: candidate template ignored: could not match 'pair<_Up, PyType *>' against 'PyType *'
[build]  1094 |     get(const pair<_Up, _Tp>&& __p) noexcept
[build]       |     ^
[build] /usr/lib/gcc/x86_64-linux-gnu/13/../../../../include/c++/13/tuple:1844:5: note: candidate template ignored: could not match 'tuple<_Types...>' against 'PyType *'
[build]  1844 |     get(tuple<_Types...>& __t) noexcept
[build]       |     ^
[build] /usr/lib/gcc/x86_64-linux-gnu/13/../../../../include/c++/13/tuple:1855:5: note: candidate template ignored: could not match 'tuple<_Types...>' against 'PyType *'
[build]  1855 |     get(tuple<_Types...>&& __t) noexcept
[build]       |     ^
[build] /usr/lib/gcc/x86_64-linux-gnu/13/../../../../include/c++/13/tuple:1866:5: note: candidate template ignored: could not match 'tuple<_Types...>' against 'PyType *'
[build]  1866 |     get(const tuple<_Types...>& __t) noexcept
[build]       |     ^
[build] /usr/lib/gcc/x86_64-linux-gnu/13/../../../../include/c++/13/tuple:1878:5: note: candidate template ignored: could not match 'tuple<_Types...>' against 'PyType *'
[build]  1878 |     get(const tuple<_Types...>&& __t) noexcept
[build]       |     ^
[build] /usr/lib/gcc/x86_64-linux-gnu/13/../../../../include/c++/13/variant:1150:5: note: candidate template ignored: could not match 'variant<_Types...>' against 'PyType *'
[build]  1150 |     get(variant<_Types...>& __v)
[build]       |     ^
[build] /usr/lib/gcc/x86_64-linux-gnu/13/../../../../include/c++/13/variant:1160:5: note: candidate template ignored: could not match 'variant<_Types...>' against 'PyType *'
[build]  1160 |     get(variant<_Types...>&& __v)
[build]       |     ^
[build] /usr/lib/gcc/x86_64-linux-gnu/13/../../../../include/c++/13/variant:1170:5: note: candidate template ignored: could not match 'variant<_Types...>' against 'PyType *'
[build]  1170 |     get(const variant<_Types...>& __v)
[build]       |     ^
[build] /usr/lib/gcc/x86_64-linux-gnu/13/../../../../include/c++/13/variant:1180:5: note: candidate template ignored: could not match 'variant<_Types...>' against 'PyType *'
[build]  1180 |     get(const variant<_Types...>&& __v)
[build]       |     ^
[build] /usr/lib/gcc/x86_64-linux-gnu/13/../../../../include/c++/13/bits/stl_pair.h:1035:5: note: candidate template ignored: invalid explicitly-specified argument for template parameter '_Int'
[build]  1035 |     get(pair<_Tp1, _Tp2>& __in) noexcept
[build]       |     ^
[build] /usr/lib/gcc/x86_64-linux-gnu/13/../../../../include/c++/13/bits/stl_pair.h:1040:5: note: candidate template ignored: invalid explicitly-specified argument for template parameter '_Int'
[build]  1040 |     get(pair<_Tp1, _Tp2>&& __in) noexcept
[build]       |     ^
[build] /usr/lib/gcc/x86_64-linux-gnu/13/../../../../include/c++/13/bits/stl_pair.h:1045:5: note: candidate template ignored: invalid explicitly-specified argument for template parameter '_Int'
[build]  1045 |     get(const pair<_Tp1, _Tp2>& __in) noexcept
[build]       |     ^
[build] /usr/lib/gcc/x86_64-linux-gnu/13/../../../../include/c++/13/bits/stl_pair.h:1050:5: note: candidate template ignored: invalid explicitly-specified argument for template parameter '_Int'
[build]  1050 |     get(const pair<_Tp1, _Tp2>&& __in) noexcept
[build]       |     ^
[build] /usr/lib/gcc/x86_64-linux-gnu/13/../../../../include/c++/13/bits/ranges_util.h:438:5: note: candidate template ignored: invalid explicitly-specified argument for template parameter '_Num'
[build]   438 |     get(const subrange<_It, _Sent, _Kind>& __r)
[build]       |     ^
[build] /usr/lib/gcc/x86_64-linux-gnu/13/../../../../include/c++/13/bits/ranges_util.h:449:5: note: candidate template ignored: invalid explicitly-specified argument for template parameter '_Num'
[build]   449 |     get(subrange<_It, _Sent, _Kind>&& __r)
[build]       |     ^
[build] /usr/lib/gcc/x86_64-linux-gnu/13/../../../../include/c++/13/tuple:1803:5: note: candidate template ignored: invalid explicitly-specified argument for template parameter '__i'
[build]  1803 |     get(tuple<_Elements...>& __t) noexcept
[build]       |     ^
[build] /usr/lib/gcc/x86_64-linux-gnu/13/../../../../include/c++/13/tuple:1809:5: note: candidate template ignored: invalid explicitly-specified argument for template parameter '__i'
[build]  1809 |     get(const tuple<_Elements...>& __t) noexcept
[build]       |     ^
[build] /usr/lib/gcc/x86_64-linux-gnu/13/../../../../include/c++/13/tuple:1815:5: note: candidate template ignored: invalid explicitly-specified argument for template parameter '__i'
[build]  1815 |     get(tuple<_Elements...>&& __t) noexcept
[build]       |     ^
[build] /usr/lib/gcc/x86_64-linux-gnu/13/../../../../include/c++/13/tuple:1824:5: note: candidate template ignored: invalid explicitly-specified argument for template parameter '__i'
[build]  1824 |     get(const tuple<_Elements...>&& __t) noexcept
[build]       |     ^
[build] /usr/lib/gcc/x86_64-linux-gnu/13/../../../../include/c++/13/tuple:1834:5: note: candidate template ignored: invalid explicitly-specified argument for template parameter '__i'
[build]  1834 |     get(const tuple<_Elements...>&) = delete;
[build]       |     ^
[build] /usr/lib/gcc/x86_64-linux-gnu/13/../../../../include/c++/13/array:384:5: note: candidate template ignored: invalid explicitly-specified argument for template parameter '_Int'
[build]   384 |     get(array<_Tp, _Nm>& __arr) noexcept
[build]       |     ^
[build] /usr/lib/gcc/x86_64-linux-gnu/13/../../../../include/c++/13/array:393:5: note: candidate template ignored: invalid explicitly-specified argument for template parameter '_Int'
[build]   393 |     get(array<_Tp, _Nm>&& __arr) noexcept
[build]       |     ^
[build] /usr/lib/gcc/x86_64-linux-gnu/13/../../../../include/c++/13/array:402:5: note: candidate template ignored: invalid explicitly-specified argument for template parameter '_Int'
[build]   402 |     get(const array<_Tp, _Nm>& __arr) noexcept
[build]       |     ^
[build] /usr/lib/gcc/x86_64-linux-gnu/13/../../../../include/c++/13/array:411:5: note: candidate template ignored: invalid explicitly-specified argument for template parameter '_Int'
[build]   411 |     get(const array<_Tp, _Nm>&& __arr) noexcept
[build]       |     ^
[build] /usr/lib/gcc/x86_64-linux-gnu/13/../../../../include/c++/13/variant:1711:5: note: candidate template ignored: invalid explicitly-specified argument for template parameter '_Np'
[build]  1711 |     get(variant<_Types...>& __v)
[build]       |     ^
[build] /usr/lib/gcc/x86_64-linux-gnu/13/../../../../include/c++/13/variant:1722:5: note: candidate template ignored: invalid explicitly-specified argument for template parameter '_Np'
[build]  1722 |     get(variant<_Types...>&& __v)
[build]       |     ^
[build] /usr/lib/gcc/x86_64-linux-gnu/13/../../../../include/c++/13/variant:1733:5: note: candidate template ignored: invalid explicitly-specified argument for template parameter '_Np'
[build]  1733 |     get(const variant<_Types...>& __v)
[build]       |     ^
[build] /usr/lib/gcc/x86_64-linux-gnu/13/../../../../include/c++/13/variant:1744:5: note: candidate template ignored: invalid explicitly-specified argument for template parameter '_Np'
[build]  1744 |     get(const variant<_Types...>&& __v)
[build]       |     ^
[build] /home/lux/code/language/python-cpp/src/runtime/export/../../runtime/PyType.cpp:1358:9: error: no matching function for call to 'get'
[build]  1358 |                         || (&std::get<std::reference_wrapper<const TypePrototype>>(m_bits_type).get()
[build]       |                              ^~~~~~~~~~~~~~~~~~~~~~~~~~~~~~~~~~~~~~~~~~~~~~~~~~~~~
[build] /usr/lib/gcc/x86_64-linux-gnu/13/../../../../include/c++/13/bits/stl_pair.h:1059:5: note: candidate template ignored: could not match 'pair<std::reference_wrapper<const TypePrototype>, _Up>' against 'PyType *'
[build]  1059 |     get(pair<_Tp, _Up>& __p) noexcept
[build]       |     ^
[build] /usr/lib/gcc/x86_64-linux-gnu/13/../../../../include/c++/13/bits/stl_pair.h:1064:5: note: candidate template ignored: could not match 'pair<std::reference_wrapper<const TypePrototype>, _Up>' against 'PyType *'
[build]  1064 |     get(const pair<_Tp, _Up>& __p) noexcept
[build]       |     ^
[build] /usr/lib/gcc/x86_64-linux-gnu/13/../../../../include/c++/13/bits/stl_pair.h:1069:5: note: candidate template ignored: could not match 'pair<std::reference_wrapper<const TypePrototype>, _Up>' against 'PyType *'
[build]  1069 |     get(pair<_Tp, _Up>&& __p) noexcept
[build]       |     ^
[build] /usr/lib/gcc/x86_64-linux-gnu/13/../../../../include/c++/13/bits/stl_pair.h:1074:5: note: candidate template ignored: could not match 'pair<std::reference_wrapper<const TypePrototype>, _Up>' against 'PyType *'
[build]  1074 |     get(const pair<_Tp, _Up>&& __p) noexcept
[build]       |     ^
[build] /usr/lib/gcc/x86_64-linux-gnu/13/../../../../include/c++/13/bits/stl_pair.h:1079:5: note: candidate template ignored: could not match 'pair<_Up, std::reference_wrapper<const TypePrototype>>' against 'PyType *'
[build]  1079 |     get(pair<_Up, _Tp>& __p) noexcept
[build]       |     ^
[build] /usr/lib/gcc/x86_64-linux-gnu/13/../../../../include/c++/13/bits/stl_pair.h:1084:5: note: candidate template ignored: could not match 'pair<_Up, std::reference_wrapper<const TypePrototype>>' against 'PyType *'
[build]  1084 |     get(const pair<_Up, _Tp>& __p) noexcept
[build]       |     ^
[build] /usr/lib/gcc/x86_64-linux-gnu/13/../../../../include/c++/13/bits/stl_pair.h:1089:5: note: candidate template ignored: could not match 'pair<_Up, std::reference_wrapper<const TypePrototype>>' against 'PyType *'
[build]  1089 |     get(pair<_Up, _Tp>&& __p) noexcept
[build]       |     ^
[build] /usr/lib/gcc/x86_64-linux-gnu/13/../../../../include/c++/13/bits/stl_pair.h:1094:5: note: candidate template ignored: could not match 'pair<_Up, std::reference_wrapper<const TypePrototype>>' against 'PyType *'
[build]  1094 |     get(const pair<_Up, _Tp>&& __p) noexcept
[build]       |     ^
[build] /usr/lib/gcc/x86_64-linux-gnu/13/../../../../include/c++/13/tuple:1844:5: note: candidate template ignored: could not match 'tuple<_Types...>' against 'PyType *'
[build]  1844 |     get(tuple<_Types...>& __t) noexcept
[build]       |     ^
[build] /usr/lib/gcc/x86_64-linux-gnu/13/../../../../include/c++/13/tuple:1855:5: note: candidate template ignored: could not match 'tuple<_Types...>' against 'PyType *'
[build]  1855 |     get(tuple<_Types...>&& __t) noexcept
[build]       |     ^
[build] /usr/lib/gcc/x86_64-linux-gnu/13/../../../../include/c++/13/tuple:1866:5: note: candidate template ignored: could not match 'tuple<_Types...>' against 'PyType *'
[build]  1866 |     get(const tuple<_Types...>& __t) noexcept
[build]       |     ^
[build] /usr/lib/gcc/x86_64-linux-gnu/13/../../../../include/c++/13/tuple:1878:5: note: candidate template ignored: could not match 'tuple<_Types...>' against 'PyType *'
[build]  1878 |     get(const tuple<_Types...>&& __t) noexcept
[build]       |     ^
[build] /usr/lib/gcc/x86_64-linux-gnu/13/../../../../include/c++/13/variant:1150:5: note: candidate template ignored: could not match 'variant<_Types...>' against 'PyType *'
[build]  1150 |     get(variant<_Types...>& __v)
[build]       |     ^
[build] /usr/lib/gcc/x86_64-linux-gnu/13/../../../../include/c++/13/variant:1160:5: note: candidate template ignored: could not match 'variant<_Types...>' against 'PyType *'
[build]  1160 |     get(variant<_Types...>&& __v)
[build]       |     ^
[build] /usr/lib/gcc/x86_64-linux-gnu/13/../../../../include/c++/13/variant:1170:5: note: candidate template ignored: could not match 'variant<_Types...>' against 'PyType *'
[build]  1170 |     get(const variant<_Types...>& __v)
[build]       |     ^
[build] /usr/lib/gcc/x86_64-linux-gnu/13/../../../../include/c++/13/variant:1180:5: note: candidate template ignored: could not match 'variant<_Types...>' against 'PyType *'
[build]  1180 |     get(const variant<_Types...>&& __v)
[build]       |     ^
[build] /usr/lib/gcc/x86_64-linux-gnu/13/../../../../include/c++/13/bits/stl_pair.h:1035:5: note: candidate template ignored: invalid explicitly-specified argument for template parameter '_Int'
[build]  1035 |     get(pair<_Tp1, _Tp2>& __in) noexcept
[build]       |     ^
[build] /usr/lib/gcc/x86_64-linux-gnu/13/../../../../include/c++/13/bits/stl_pair.h:1040:5: note: candidate template ignored: invalid explicitly-specified argument for template parameter '_Int'
[build]  1040 |     get(pair<_Tp1, _Tp2>&& __in) noexcept
[build]       |     ^
[build] /usr/lib/gcc/x86_64-linux-gnu/13/../../../../include/c++/13/bits/stl_pair.h:1045:5: note: candidate template ignored: invalid explicitly-specified argument for template parameter '_Int'
[build]  1045 |     get(const pair<_Tp1, _Tp2>& __in) noexcept
[build]       |     ^
[build] /usr/lib/gcc/x86_64-linux-gnu/13/../../../../include/c++/13/bits/stl_pair.h:1050:5: note: candidate template ignored: invalid explicitly-specified argument for template parameter '_Int'
[build]  1050 |     get(const pair<_Tp1, _Tp2>&& __in) noexcept
[build]       |     ^
[build] /usr/lib/gcc/x86_64-linux-gnu/13/../../../../include/c++/13/bits/ranges_util.h:438:5: note: candidate template ignored: invalid explicitly-specified argument for template parameter '_Num'
[build]   438 |     get(const subrange<_It, _Sent, _Kind>& __r)
[build]       |     ^
[build] /usr/lib/gcc/x86_64-linux-gnu/13/../../../../include/c++/13/bits/ranges_util.h:449:5: note: candidate template ignored: invalid explicitly-specified argument for template parameter '_Num'
[build]   449 |     get(subrange<_It, _Sent, _Kind>&& __r)
[build]       |     ^
[build] /usr/lib/gcc/x86_64-linux-gnu/13/../../../../include/c++/13/tuple:1803:5: note: candidate template ignored: invalid explicitly-specified argument for template parameter '__i'
[build]  1803 |     get(tuple<_Elements...>& __t) noexcept
[build]       |     ^
[build] /usr/lib/gcc/x86_64-linux-gnu/13/../../../../include/c++/13/tuple:1809:5: note: candidate template ignored: invalid explicitly-specified argument for template parameter '__i'
[build]  1809 |     get(const tuple<_Elements...>& __t) noexcept
[build]       |     ^
[build] /usr/lib/gcc/x86_64-linux-gnu/13/../../../../include/c++/13/tuple:1815:5: note: candidate template ignored: invalid explicitly-specified argument for template parameter '__i'
[build]  1815 |     get(tuple<_Elements...>&& __t) noexcept
[build]       |     ^
[build] /usr/lib/gcc/x86_64-linux-gnu/13/../../../../include/c++/13/tuple:1824:5: note: candidate template ignored: invalid explicitly-specified argument for template parameter '__i'
[build]  1824 |     get(const tuple<_Elements...>&& __t) noexcept
[build]       |     ^
[build] /usr/lib/gcc/x86_64-linux-gnu/13/../../../../include/c++/13/tuple:1834:5: note: candidate template ignored: invalid explicitly-specified argument for template parameter '__i'
[build]  1834 |     get(const tuple<_Elements...>&) = delete;
[build]       |     ^
[build] /usr/lib/gcc/x86_64-linux-gnu/13/../../../../include/c++/13/array:384:5: note: candidate template ignored: invalid explicitly-specified argument for template parameter '_Int'
[build]   384 |     get(array<_Tp, _Nm>& __arr) noexcept
[build]       |     ^
[build] /usr/lib/gcc/x86_64-linux-gnu/13/../../../../include/c++/13/array:393:5: note: candidate template ignored: invalid explicitly-specified argument for template parameter '_Int'
[build]   393 |     get(array<_Tp, _Nm>&& __arr) noexcept
[build]       |     ^
[build] /usr/lib/gcc/x86_64-linux-gnu/13/../../../../include/c++/13/array:402:5: note: candidate template ignored: invalid explicitly-specified argument for template parameter '_Int'
[build]   402 |     get(const array<_Tp, _Nm>& __arr) noexcept
[build]       |     ^
[build] /usr/lib/gcc/x86_64-linux-gnu/13/../../../../include/c++/13/array:411:5: note: candidate template ignored: invalid explicitly-specified argument for template parameter '_Int'
[build]   411 |     get(const array<_Tp, _Nm>&& __arr) noexcept
[build]       |     ^
[build] /usr/lib/gcc/x86_64-linux-gnu/13/../../../../include/c++/13/variant:1711:5: note: candidate template ignored: invalid explicitly-specified argument for template parameter '_Np'
[build]  1711 |     get(variant<_Types...>& __v)
[build]       |     ^
[build] /usr/lib/gcc/x86_64-linux-gnu/13/../../../../include/c++/13/variant:1722:5: note: candidate template ignored: invalid explicitly-specified argument for template parameter '_Np'
[build]  1722 |     get(variant<_Types...>&& __v)
[build]       |     ^
[build] /usr/lib/gcc/x86_64-linux-gnu/13/../../../../include/c++/13/variant:1733:5: note: candidate template ignored: invalid explicitly-specified argument for template parameter '_Np'
[build]  1733 |     get(const variant<_Types...>& __v)
[build]       |     ^
[build] /usr/lib/gcc/x86_64-linux-gnu/13/../../../../include/c++/13/variant:1744:5: note: candidate template ignored: invalid explicitly-specified argument for template parameter '_Np'
[build]  1744 |     get(const variant<_Types...>&& __v)
[build]       |     ^
[build] 3 errors generated.
[build] ERROR:Failed to compile using given arguments: [-std=c++23 -O1 -g